
Memory Configuration

Name             Origin             Length             Attributes
ram              0x0000000000000000 0x0000000000001000
*default*        0x0000000000000000 0xffffffffffffffff

Linker script and memory map

                0x0000000000000000                __DYNAMIC = 0x0
                0x0000000000000000                _RAM_START = 0x0
                0x0000000000001000                _RAM_SIZE = 0x1000
                0x0000000000001000                _RAM_END = (_RAM_START + _RAM_SIZE)

.text           0x0000000000000000      0x834
                0x0000000000000000                _ftext = .
 *(.text .stub .text.* .gnu.linkonce.t.*)
 .text          0x0000000000000000      0x1e8 crt0ram.o
                0x0000000000000000                _start
                0x0000000000000120                irq_enable
                0x000000000000012c                irq_disable
                0x0000000000000138                irq_set_mask
                0x0000000000000140                irq_get_mask
                0x0000000000000148                jump
                0x000000000000014c                halt
                0x00000000000001d8                get_sp
                0x00000000000001e0                get_gp
 .text          0x00000000000001e8        0x0 main.o
 .text.startup  0x00000000000001e8       0xa4 main.o
                0x00000000000001e8                main
 .text          0x000000000000028c      0x35c soc-hw.o
                0x000000000000028c                tic_isr()
                0x00000000000002c0                isr_null()
                0x00000000000002c4                pwm_read()
                0x00000000000002dc                pwm_rd(unsigned char)
                0x00000000000002f8                pwm_addr(unsigned int)
                0x0000000000000310                pwm_wr(unsigned char)
                0x000000000000032c                pwm_din(unsigned int)
                0x0000000000000344                tomarfoto(unsigned int)
                0x0000000000000364                leerfoto(unsigned int)
                0x0000000000000388                gpio_config_dir(unsigned int)
                0x00000000000003a0                gpio_write(unsigned int)
                0x00000000000003b8                gpio_read()
                0x00000000000003d0                irq_handler(unsigned int)
                0x000000000000042c                isr_init()
                0x0000000000000458                isr_register(int, void (*)())
                0x0000000000000474                isr_unregister(int)
                0x000000000000049c                msleep(unsigned int)
                0x00000000000004d4                nsleep(unsigned int)
                0x0000000000000508                tic_init()
                0x000000000000055c                uart_init()
                0x0000000000000560                uart_getchar()
                0x0000000000000588                uart_putchar(char)
                0x00000000000005b0                uart_putstr(char*)
 .text          0x00000000000005e8      0x130 pwm.o
                0x00000000000005e8                pwm::pwm_sel(int, char, bool)
                0x00000000000006e4                pwm::brazo(char)
 .text          0x0000000000000718       0x34 timer.o
                0x0000000000000718                timer::nsleep(int)
 .text          0x000000000000074c       0xb0 uart.o
                0x000000000000074c                uart::uart_init()
                0x0000000000000750                uart::uart_getchar()
                0x0000000000000778                uart::uart_putchar(char)
                0x00000000000007a0                uart::uart_putstr(char*)
                0x00000000000007d8                uart::uart_getint()
 .text          0x00000000000007fc       0x38 camera.o
                0x00000000000007fc                camera::tomar(int)
                0x0000000000000818                camera::leer(int)
                0x0000000000000834                _etext = .

.rodata         0x0000000000000834       0x80
                0x0000000000000834                . = ALIGN (0x4)
                0x0000000000000834                _frodata = .
 *(.rodata .rodata.* .gnu.linkonce.r.*)
 .rodata.cst4   0x0000000000000834       0x6c soc-hw.o
 .rodata.cst4   0x00000000000008a0        0x4 timer.o
 .rodata.cst4   0x00000000000008a4       0x10 uart.o
 *(.rodata1)
                0x00000000000008b4                _erodata = .

.data           0x00000000000008b4       0x18
                0x00000000000008b4                . = ALIGN (0x4)
                0x00000000000008b4                _fdata = .
 *(.data .data.* .gnu.linkonce.d.*)
 .data          0x00000000000008b4        0x0 crt0ram.o
 .data          0x00000000000008b4        0x0 main.o
 .data          0x00000000000008b4       0x18 soc-hw.o
                0x00000000000008b4                pwm
                0x00000000000008b8                camera0
                0x00000000000008bc                spi0
                0x00000000000008c0                gpio0
                0x00000000000008c4                timer0
                0x00000000000008c8                uart0
 .data          0x00000000000008cc        0x0 pwm.o
 .data          0x00000000000008cc        0x0 timer.o
 .data          0x00000000000008cc        0x0 uart.o
 .data          0x00000000000008cc        0x0 camera.o
 *(.data1)
                0x00000000000008d0                _gp = ALIGN (0x10)
 *(.sdata .sdata.* .gnu.linkonce.s.*)
                0x00000000000008cc                _edata = .

.bss            0x00000000000008cc       0x84
                0x00000000000008cc                . = ALIGN (0x4)
                0x00000000000008cc                _fbss = .
 *(.dynsbss)
 *(.sbss .sbss.* .gnu.linkonce.sb.*)
 *(.scommon)
 *(.dynbss)
 *(.bss .bss.* .gnu.linkonce.b.*)
 .bss           0x00000000000008cc        0x0 crt0ram.o
 .bss           0x00000000000008cc        0x0 main.o
 .bss           0x00000000000008cc       0x84 soc-hw.o
                0x00000000000008cc                tic_msec
                0x00000000000008d0                isr_table
 .bss           0x0000000000000950        0x0 pwm.o
 .bss           0x0000000000000950        0x0 timer.o
 .bss           0x0000000000000950        0x0 uart.o
 .bss           0x0000000000000950        0x0 camera.o
 *(COMMON)
                0x0000000000000950                _ebss = .
                0x0000000000000950                _end = .
                0x0000000000000ffc                PROVIDE (_fstack = ((ORIGIN (ram) + LENGTH (ram)) - 0x4))
LOAD crt0ram.o
LOAD main.o
LOAD soc-hw.o
LOAD pwm.o
LOAD timer.o
LOAD uart.o
LOAD camera.o
OUTPUT(image elf32-lm32)

.debug_frame    0x0000000000000000      0x2f8
 .debug_frame   0x0000000000000000       0x38 main.o
 .debug_frame   0x0000000000000038      0x198 soc-hw.o
 .debug_frame   0x00000000000001d0       0x4c pwm.o
 .debug_frame   0x000000000000021c       0x24 timer.o
 .debug_frame   0x0000000000000240       0x64 uart.o
 .debug_frame   0x00000000000002a4       0x54 camera.o

.debug_info     0x0000000000000000     0x17fe
 .debug_info    0x0000000000000000      0x392 main.o
 .debug_info    0x0000000000000392      0x6f7 soc-hw.o
 .debug_info    0x0000000000000a89      0x438 pwm.o
 .debug_info    0x0000000000000ec1      0x25e timer.o
 .debug_info    0x000000000000111f      0x3d1 uart.o
 .debug_info    0x00000000000014f0      0x30e camera.o

.debug_abbrev   0x0000000000000000      0x999
 .debug_abbrev  0x0000000000000000      0x151 main.o
 .debug_abbrev  0x0000000000000151      0x256 soc-hw.o
 .debug_abbrev  0x00000000000003a7      0x1a2 pwm.o
 .debug_abbrev  0x0000000000000549      0x114 timer.o
 .debug_abbrev  0x000000000000065d      0x1d4 uart.o
 .debug_abbrev  0x0000000000000831      0x168 camera.o

.debug_loc      0x0000000000000000      0x50c
 .debug_loc     0x0000000000000000       0x77 main.o
 .debug_loc     0x0000000000000077      0x16a soc-hw.o
 .debug_loc     0x00000000000001e1      0x1ad pwm.o
 .debug_loc     0x000000000000038e       0x55 timer.o
 .debug_loc     0x00000000000003e3       0xa5 uart.o
 .debug_loc     0x0000000000000488       0x84 camera.o

.debug_aranges  0x0000000000000000       0xc0
 .debug_aranges
                0x0000000000000000       0x20 main.o
 .debug_aranges
                0x0000000000000020       0x20 soc-hw.o
 .debug_aranges
                0x0000000000000040       0x20 pwm.o
 .debug_aranges
                0x0000000000000060       0x20 timer.o
 .debug_aranges
                0x0000000000000080       0x20 uart.o
 .debug_aranges
                0x00000000000000a0       0x20 camera.o

.debug_ranges   0x0000000000000000       0x28
 .debug_ranges  0x0000000000000000       0x10 main.o
 .debug_ranges  0x0000000000000010       0x18 soc-hw.o

.debug_line     0x0000000000000000      0x7fb
 .debug_line    0x0000000000000000       0xce main.o
 .debug_line    0x00000000000000ce      0x3bd soc-hw.o
 .debug_line    0x000000000000048b      0x15c pwm.o
 .debug_line    0x00000000000005e7       0x94 timer.o
 .debug_line    0x000000000000067b      0x102 uart.o
 .debug_line    0x000000000000077d       0x7e camera.o

.debug_str      0x0000000000000000      0x5c2
 .debug_str     0x0000000000000000      0x253 main.o
                                        0x264 (size before relaxing)
 .debug_str     0x0000000000000253      0x33a soc-hw.o
                                        0x4ad (size before relaxing)
 .debug_str     0x000000000000058d       0x17 pwm.o
                                        0x25e (size before relaxing)
 .debug_str     0x00000000000005a4        0xa timer.o
                                        0x1f1 (size before relaxing)
 .debug_str     0x00000000000005ae        0x9 uart.o
                                        0x289 (size before relaxing)
 .debug_str     0x00000000000005b7        0xb camera.o
                                        0x240 (size before relaxing)

.comment        0x0000000000000000       0x11
 .comment       0x0000000000000000       0x11 main.o
                                         0x12 (size before relaxing)
 .comment       0x0000000000000011       0x12 soc-hw.o
 .comment       0x0000000000000011       0x12 pwm.o
 .comment       0x0000000000000011       0x12 timer.o
 .comment       0x0000000000000011       0x12 uart.o
 .comment       0x0000000000000011       0x12 camera.o
