
Memory Configuration

Name             Origin             Length             Attributes
ram              0x0000000000000000 0x0000000000001000
*default*        0x0000000000000000 0xffffffffffffffff

Linker script and memory map

                0x0000000000000000                __DYNAMIC = 0x0
                0x0000000000000000                _RAM_START = 0x0
                0x0000000000001000                _RAM_SIZE = 0x1000
                0x0000000000001000                _RAM_END = (_RAM_START + _RAM_SIZE)

.text           0x0000000000000000      0x734
                0x0000000000000000                _ftext = .
 *(.text .stub .text.* .gnu.linkonce.t.*)
 .text          0x0000000000000000      0x1e8 crt0ram.o
                0x0000000000000000                _start
                0x0000000000000120                irq_enable
                0x000000000000012c                irq_disable
                0x0000000000000138                irq_set_mask
                0x0000000000000140                irq_get_mask
                0x0000000000000148                jump
                0x000000000000014c                halt
                0x00000000000001d8                get_sp
                0x00000000000001e0                get_gp
 .text          0x00000000000001e8        0x0 main.o
 .text.startup  0x00000000000001e8       0x20 main.o
                0x00000000000001e8                main
 .text          0x0000000000000208      0x338 soc-hw.o
                0x0000000000000208                isr_null()
                0x000000000000020c                tic_isr()
                0x0000000000000240                pwm_read()
                0x0000000000000258                pwm_rd(unsigned char)
                0x0000000000000274                pwm_addr(unsigned int)
                0x000000000000028c                pwm_wr(unsigned char)
                0x00000000000002a8                pwm_din(unsigned int)
                0x00000000000002c0                gpio_config_dir(unsigned int)
                0x00000000000002d8                gpio_write(unsigned int)
                0x00000000000002f0                gpio_read()
                0x0000000000000308                irq_handler(unsigned int)
                0x0000000000000364                isr_init()
                0x0000000000000390                isr_register(int, void (*)())
                0x00000000000003ac                isr_unregister(int)
                0x00000000000003d4                msleep(unsigned int)
                0x000000000000040c                nsleep(unsigned int)
                0x0000000000000440                tic_init()
                0x0000000000000494                i2c_init()
                0x00000000000004bc                i2c_write(char, char, char)
 .text          0x0000000000000540      0x110 pwm.o
                0x0000000000000540                pwm::pwm_sel(int, int, bool)
                0x0000000000000620                pwm::brazo(int)
 .text          0x0000000000000650       0x34 timer.o
                0x0000000000000650                timer::nsleep(int)
 .text          0x0000000000000684       0xb0 uart.o
                0x0000000000000684                uart::uart_init()
                0x0000000000000688                uart::uart_getchar()
                0x00000000000006b0                uart::uart_putchar(char)
                0x00000000000006d8                uart::uart_putstr(char*)
                0x0000000000000710                uart::uart_getint()
                0x0000000000000734                _etext = .

.rodata         0x0000000000000734       0x74
                0x0000000000000734                . = ALIGN (0x4)
                0x0000000000000734                _frodata = .
 *(.rodata .rodata.* .gnu.linkonce.r.*)
 .rodata.cst4   0x0000000000000734       0x60 soc-hw.o
 .rodata.cst4   0x0000000000000794        0x4 timer.o
 .rodata.cst4   0x0000000000000798       0x10 uart.o
 *(.rodata1)
                0x00000000000007a8                _erodata = .

.data           0x00000000000007a8       0x18
                0x00000000000007a8                . = ALIGN (0x4)
                0x00000000000007a8                _fdata = .
 *(.data .data.* .gnu.linkonce.d.*)
 .data          0x00000000000007a8        0x0 crt0ram.o
 .data          0x00000000000007a8        0x0 main.o
 .data          0x00000000000007a8       0x18 soc-hw.o
                0x00000000000007a8                pwm
                0x00000000000007ac                i2c0
                0x00000000000007b0                spi0
                0x00000000000007b4                gpio0
                0x00000000000007b8                timer0
                0x00000000000007bc                uart0
 .data          0x00000000000007c0        0x0 pwm.o
 .data          0x00000000000007c0        0x0 timer.o
 .data          0x00000000000007c0        0x0 uart.o
 *(.data1)
                0x00000000000007c0                _gp = ALIGN (0x10)
 *(.sdata .sdata.* .gnu.linkonce.s.*)
                0x00000000000007c0                _edata = .

.bss            0x00000000000007c0       0x84
                0x00000000000007c0                . = ALIGN (0x4)
                0x00000000000007c0                _fbss = .
 *(.dynsbss)
 *(.sbss .sbss.* .gnu.linkonce.sb.*)
 *(.scommon)
 *(.dynbss)
 *(.bss .bss.* .gnu.linkonce.b.*)
 .bss           0x00000000000007c0        0x0 crt0ram.o
 .bss           0x00000000000007c0        0x0 main.o
 .bss           0x00000000000007c0       0x84 soc-hw.o
                0x00000000000007c0                tic_msec
                0x00000000000007c4                isr_table
 .bss           0x0000000000000844        0x0 pwm.o
 .bss           0x0000000000000844        0x0 timer.o
 .bss           0x0000000000000844        0x0 uart.o
 *(COMMON)
                0x0000000000000844                _ebss = .
                0x0000000000000844                _end = .
                0x0000000000000ffc                PROVIDE (_fstack = ((ORIGIN (ram) + LENGTH (ram)) - 0x4))
LOAD crt0ram.o
LOAD main.o
LOAD soc-hw.o
LOAD pwm.o
LOAD timer.o
LOAD uart.o
OUTPUT(image elf32-lm32)

.debug_frame    0x0000000000000000      0x260
 .debug_frame   0x0000000000000000       0x34 main.o
 .debug_frame   0x0000000000000034      0x158 soc-hw.o
 .debug_frame   0x000000000000018c       0x4c pwm.o
 .debug_frame   0x00000000000001d8       0x24 timer.o
 .debug_frame   0x00000000000001fc       0x64 uart.o

.debug_info     0x0000000000000000     0x1307
 .debug_info    0x0000000000000000      0x262 main.o
 .debug_info    0x0000000000000262      0x649 soc-hw.o
 .debug_info    0x00000000000008ab      0x42d pwm.o
 .debug_info    0x0000000000000cd8      0x25e timer.o
 .debug_info    0x0000000000000f36      0x3d1 uart.o

.debug_abbrev   0x0000000000000000      0x7b8
 .debug_abbrev  0x0000000000000000      0x15f main.o
 .debug_abbrev  0x000000000000015f      0x1cf soc-hw.o
 .debug_abbrev  0x000000000000032e      0x1a2 pwm.o
 .debug_abbrev  0x00000000000004d0      0x114 timer.o
 .debug_abbrev  0x00000000000005e4      0x1d4 uart.o

.debug_loc      0x0000000000000000      0x40b
 .debug_loc     0x0000000000000000       0x3f main.o
 .debug_loc     0x000000000000003f      0x13d soc-hw.o
 .debug_loc     0x000000000000017c      0x195 pwm.o
 .debug_loc     0x0000000000000311       0x55 timer.o
 .debug_loc     0x0000000000000366       0xa5 uart.o

.debug_aranges  0x0000000000000000       0xa0
 .debug_aranges
                0x0000000000000000       0x20 main.o
 .debug_aranges
                0x0000000000000020       0x20 soc-hw.o
 .debug_aranges
                0x0000000000000040       0x20 pwm.o
 .debug_aranges
                0x0000000000000060       0x20 timer.o
 .debug_aranges
                0x0000000000000080       0x20 uart.o

.debug_ranges   0x0000000000000000       0x28
 .debug_ranges  0x0000000000000000       0x10 main.o
 .debug_ranges  0x0000000000000010       0x18 soc-hw.o

.debug_line     0x0000000000000000      0x6ff
 .debug_line    0x0000000000000000       0x68 main.o
 .debug_line    0x0000000000000068      0x3b5 soc-hw.o
 .debug_line    0x000000000000041d      0x14c pwm.o
 .debug_line    0x0000000000000569       0x94 timer.o
 .debug_line    0x00000000000005fd      0x102 uart.o

.debug_str      0x0000000000000000      0x530
 .debug_str     0x0000000000000000      0x20f main.o
                                        0x221 (size before relaxing)
 .debug_str     0x000000000000020f      0x2f7 soc-hw.o
                                        0x42b (size before relaxing)
 .debug_str     0x0000000000000506       0x17 pwm.o
                                        0x252 (size before relaxing)
 .debug_str     0x000000000000051d        0xa timer.o
                                        0x1ea (size before relaxing)
 .debug_str     0x0000000000000527        0x9 uart.o
                                        0x282 (size before relaxing)

.comment        0x0000000000000000       0x11
 .comment       0x0000000000000000       0x11 main.o
                                         0x12 (size before relaxing)
 .comment       0x0000000000000011       0x12 soc-hw.o
 .comment       0x0000000000000011       0x12 pwm.o
 .comment       0x0000000000000011       0x12 timer.o
 .comment       0x0000000000000011       0x12 uart.o
