
Memory Configuration

Name             Origin             Length             Attributes
ram              0x0000000000000000 0x0000000000001000
*default*        0x0000000000000000 0xffffffffffffffff

Linker script and memory map

                0x0000000000000000                __DYNAMIC = 0x0
                0x0000000000000000                _RAM_START = 0x0
                0x0000000000001000                _RAM_SIZE = 0x1000
                0x0000000000001000                _RAM_END = (_RAM_START + _RAM_SIZE)

.text           0x0000000000000000      0x7dc
                0x0000000000000000                _ftext = .
 *(.text .stub .text.* .gnu.linkonce.t.*)
 .text          0x0000000000000000      0x1e8 crt0ram.o
                0x0000000000000000                _start
                0x0000000000000120                irq_enable
                0x000000000000012c                irq_disable
                0x0000000000000138                irq_set_mask
                0x0000000000000140                irq_get_mask
                0x0000000000000148                jump
                0x000000000000014c                halt
                0x00000000000001d8                get_sp
                0x00000000000001e0                get_gp
 .text          0x00000000000001e8        0x0 main.o
 .text.startup  0x00000000000001e8       0x58 main.o
                0x00000000000001e8                main
 .text          0x0000000000000240      0x354 soc-hw.o
                0x0000000000000240                tic_isr()
                0x0000000000000274                isr_null()
                0x0000000000000278                pwm_read()
                0x0000000000000290                pwm_rd(unsigned char)
                0x00000000000002ac                pwm_addr(unsigned int)
                0x00000000000002c4                pwm_wr(unsigned char)
                0x00000000000002e0                pwm_din(unsigned int)
                0x00000000000002f8                tomarfoto(unsigned char)
                0x0000000000000314                leerfoto()
                0x0000000000000334                gpio_config_dir(unsigned int)
                0x000000000000034c                gpio_write(unsigned int)
                0x0000000000000364                gpio_read()
                0x000000000000037c                irq_handler(unsigned int)
                0x00000000000003d8                isr_init()
                0x0000000000000404                isr_register(int, void (*)())
                0x0000000000000420                isr_unregister(int)
                0x0000000000000448                msleep(unsigned int)
                0x0000000000000480                nsleep(unsigned int)
                0x00000000000004b4                tic_init()
                0x0000000000000508                uart_init()
                0x000000000000050c                uart_getchar()
                0x0000000000000534                uart_putchar(char)
                0x000000000000055c                uart_putstr(char*)
 .text          0x0000000000000594      0x130 pwm.o
                0x0000000000000594                pwm::pwm_sel(int, char, bool)
                0x0000000000000690                pwm::brazo(char)
 .text          0x00000000000006c4       0x34 timer.o
                0x00000000000006c4                timer::nsleep(int)
 .text          0x00000000000006f8       0xb0 uart.o
                0x00000000000006f8                uart::uart_init()
                0x00000000000006fc                uart::uart_getchar()
                0x0000000000000724                uart::uart_putchar(char)
                0x000000000000074c                uart::uart_putstr(char*)
                0x0000000000000784                uart::uart_getint()
 .text          0x00000000000007a8       0x34 camera.o
                0x00000000000007a8                camera::tomar(char)
                0x00000000000007c4                camera::leer()
                0x00000000000007dc                _etext = .

.rodata         0x00000000000007dc       0x80
                0x00000000000007dc                . = ALIGN (0x4)
                0x00000000000007dc                _frodata = .
 *(.rodata .rodata.* .gnu.linkonce.r.*)
 .rodata.cst4   0x00000000000007dc       0x6c soc-hw.o
 .rodata.cst4   0x0000000000000848        0x4 timer.o
 .rodata.cst4   0x000000000000084c       0x10 uart.o
 *(.rodata1)
                0x000000000000085c                _erodata = .

.data           0x000000000000085c       0x18
                0x000000000000085c                . = ALIGN (0x4)
                0x000000000000085c                _fdata = .
 *(.data .data.* .gnu.linkonce.d.*)
 .data          0x000000000000085c        0x0 crt0ram.o
 .data          0x000000000000085c        0x0 main.o
 .data          0x000000000000085c       0x18 soc-hw.o
                0x000000000000085c                pwm
                0x0000000000000860                camera0
                0x0000000000000864                spi0
                0x0000000000000868                gpio0
                0x000000000000086c                timer0
                0x0000000000000870                uart0
 .data          0x0000000000000874        0x0 pwm.o
 .data          0x0000000000000874        0x0 timer.o
 .data          0x0000000000000874        0x0 uart.o
 .data          0x0000000000000874        0x0 camera.o
 *(.data1)
                0x0000000000000880                _gp = ALIGN (0x10)
 *(.sdata .sdata.* .gnu.linkonce.s.*)
                0x0000000000000874                _edata = .

.bss            0x0000000000000874       0x84
                0x0000000000000874                . = ALIGN (0x4)
                0x0000000000000874                _fbss = .
 *(.dynsbss)
 *(.sbss .sbss.* .gnu.linkonce.sb.*)
 *(.scommon)
 *(.dynbss)
 *(.bss .bss.* .gnu.linkonce.b.*)
 .bss           0x0000000000000874        0x0 crt0ram.o
 .bss           0x0000000000000874        0x0 main.o
 .bss           0x0000000000000874       0x84 soc-hw.o
                0x0000000000000874                tic_msec
                0x0000000000000878                isr_table
 .bss           0x00000000000008f8        0x0 pwm.o
 .bss           0x00000000000008f8        0x0 timer.o
 .bss           0x00000000000008f8        0x0 uart.o
 .bss           0x00000000000008f8        0x0 camera.o
 *(COMMON)
                0x00000000000008f8                _ebss = .
                0x00000000000008f8                _end = .
                0x0000000000000ffc                PROVIDE (_fstack = ((ORIGIN (ram) + LENGTH (ram)) - 0x4))
LOAD crt0ram.o
LOAD main.o
LOAD soc-hw.o
LOAD pwm.o
LOAD timer.o
LOAD uart.o
LOAD camera.o
OUTPUT(image elf32-lm32)

.debug_frame    0x0000000000000000      0x2f4
 .debug_frame   0x0000000000000000       0x34 main.o
 .debug_frame   0x0000000000000034      0x198 soc-hw.o
 .debug_frame   0x00000000000001cc       0x4c pwm.o
 .debug_frame   0x0000000000000218       0x24 timer.o
 .debug_frame   0x000000000000023c       0x64 uart.o
 .debug_frame   0x00000000000002a0       0x54 camera.o

.debug_info     0x0000000000000000     0x170d
 .debug_info    0x0000000000000000      0x2f2 main.o
 .debug_info    0x00000000000002f2      0x6cf soc-hw.o
 .debug_info    0x00000000000009c1      0x438 pwm.o
 .debug_info    0x0000000000000df9      0x25e timer.o
 .debug_info    0x0000000000001057      0x3d1 uart.o
 .debug_info    0x0000000000001428      0x2e5 camera.o

.debug_abbrev   0x0000000000000000      0x95b
 .debug_abbrev  0x0000000000000000      0x142 main.o
 .debug_abbrev  0x0000000000000142      0x23a soc-hw.o
 .debug_abbrev  0x000000000000037c      0x1a2 pwm.o
 .debug_abbrev  0x000000000000051e      0x114 timer.o
 .debug_abbrev  0x0000000000000632      0x1d4 uart.o
 .debug_abbrev  0x0000000000000806      0x155 camera.o

.debug_loc      0x0000000000000000      0x45a
 .debug_loc     0x0000000000000000       0x13 main.o
 .debug_loc     0x0000000000000013      0x13d soc-hw.o
 .debug_loc     0x0000000000000150      0x1ad pwm.o
 .debug_loc     0x00000000000002fd       0x55 timer.o
 .debug_loc     0x0000000000000352       0xa5 uart.o
 .debug_loc     0x00000000000003f7       0x63 camera.o

.debug_aranges  0x0000000000000000       0xc0
 .debug_aranges
                0x0000000000000000       0x20 main.o
 .debug_aranges
                0x0000000000000020       0x20 soc-hw.o
 .debug_aranges
                0x0000000000000040       0x20 pwm.o
 .debug_aranges
                0x0000000000000060       0x20 timer.o
 .debug_aranges
                0x0000000000000080       0x20 uart.o
 .debug_aranges
                0x00000000000000a0       0x20 camera.o

.debug_ranges   0x0000000000000000       0x28
 .debug_ranges  0x0000000000000000       0x10 main.o
 .debug_ranges  0x0000000000000010       0x18 soc-hw.o

.debug_line     0x0000000000000000      0x7c9
 .debug_line    0x0000000000000000       0x9c main.o
 .debug_line    0x000000000000009c      0x3bd soc-hw.o
 .debug_line    0x0000000000000459      0x15c pwm.o
 .debug_line    0x00000000000005b5       0x94 timer.o
 .debug_line    0x0000000000000649      0x102 uart.o
 .debug_line    0x000000000000074b       0x7e camera.o

.debug_str      0x0000000000000000      0x590
 .debug_str     0x0000000000000000      0x231 main.o
                                        0x242 (size before relaxing)
 .debug_str     0x0000000000000231      0x32a soc-hw.o
                                        0x485 (size before relaxing)
 .debug_str     0x000000000000055b       0x17 pwm.o
                                        0x241 (size before relaxing)
 .debug_str     0x0000000000000572        0xa timer.o
                                        0x1d4 (size before relaxing)
 .debug_str     0x000000000000057c        0x9 uart.o
                                        0x26c (size before relaxing)
 .debug_str     0x0000000000000585        0xb camera.o
                                        0x228 (size before relaxing)

.comment        0x0000000000000000       0x11
 .comment       0x0000000000000000       0x11 main.o
                                         0x12 (size before relaxing)
 .comment       0x0000000000000011       0x12 soc-hw.o
 .comment       0x0000000000000011       0x12 pwm.o
 .comment       0x0000000000000011       0x12 timer.o
 .comment       0x0000000000000011       0x12 uart.o
 .comment       0x0000000000000011       0x12 camera.o
