
Memory Configuration

Name             Origin             Length             Attributes
ram              0x0000000000000000 0x0000000000001000
*default*        0x0000000000000000 0xffffffffffffffff

Linker script and memory map

                0x0000000000000000                __DYNAMIC = 0x0
                0x0000000000000000                _RAM_START = 0x0
                0x0000000000001000                _RAM_SIZE = 0x1000
                0x0000000000001000                _RAM_END = (_RAM_START + _RAM_SIZE)

.text           0x0000000000000000      0xa3c
                0x0000000000000000                _ftext = .
 *(.text .stub .text.* .gnu.linkonce.t.*)
 .text          0x0000000000000000      0x1e8 crt0ram.o
                0x0000000000000000                _start
                0x0000000000000120                irq_enable
                0x000000000000012c                irq_disable
                0x0000000000000138                irq_set_mask
                0x0000000000000140                irq_get_mask
                0x0000000000000148                jump
                0x000000000000014c                halt
                0x00000000000001d8                get_sp
                0x00000000000001e0                get_gp
 .text          0x00000000000001e8        0x0 main.o
 .text.startup  0x00000000000001e8      0x140 main.o
                0x00000000000001e8                main
 .text          0x0000000000000328      0x460 soc-hw.o
                0x0000000000000328                tic_isr()
                0x000000000000035c                isr_null()
                0x0000000000000360                cam_read()
                0x0000000000000378                cam_takepicture(unsigned char)
                0x0000000000000394                cam_leer(unsigned int)
                0x00000000000003ac                cam_resetwr(unsigned char)
                0x00000000000003c8                cam_resetrd(unsigned int)
                0x00000000000003e0                cam_leer1(unsigned char)
                0x00000000000003fc                pwm_read()
                0x0000000000000414                pwm_rd(unsigned char)
                0x0000000000000430                pwm_addr(unsigned int)
                0x0000000000000448                pwm_wr(unsigned char)
                0x0000000000000464                pwm_din(unsigned int)
                0x000000000000047c                gpio_config_dir(unsigned int)
                0x0000000000000494                gpio_write(unsigned int)
                0x00000000000004ac                gpio_read()
                0x00000000000004c4                irq_handler(unsigned int)
                0x0000000000000520                isr_init()
                0x000000000000054c                isr_register(int, void (*)())
                0x0000000000000568                isr_unregister(int)
                0x0000000000000590                msleep(unsigned int)
                0x00000000000005c8                nsleep(unsigned int)
                0x00000000000005fc                tic_init()
                0x0000000000000650                uart_init()
                0x0000000000000654                uart_getchar()
                0x000000000000067c                uart_putchar(char)
                0x00000000000006a4                uart_putstr(char*)
                0x00000000000006dc                i2c_init()
                0x0000000000000704                i2c_write(char, char, char)
 .text          0x0000000000000788      0x130 pwm.o
                0x0000000000000788                pwm::pwm_sel(int, char, bool)
                0x0000000000000884                pwm::brazo(char)
 .text          0x00000000000008b8       0x34 timer.o
                0x00000000000008b8                timer::nsleep(int)
 .text          0x00000000000008ec       0xb0 uart.o
                0x00000000000008ec                uart::uart_init()
                0x00000000000008f0                uart::uart_getchar()
                0x0000000000000918                uart::uart_putchar(char)
                0x0000000000000940                uart::uart_putstr(char*)
                0x0000000000000978                uart::uart_getint()
 .text          0x000000000000099c       0xa0 camera.o
                0x000000000000099c                camera::cam_tomar(int)
                0x00000000000009b8                camera::cam_ver(int)
                0x00000000000009d4                camera::cam_ver1(int)
                0x00000000000009f0                camera::cam_dato()
                0x0000000000000a0c                camera::cam_rst(int, int)
                0x0000000000000a3c                _etext = .

.rodata         0x0000000000000a3c       0x98
                0x0000000000000a3c                . = ALIGN (0x4)
                0x0000000000000a3c                _frodata = .
 *(.rodata .rodata.* .gnu.linkonce.r.*)
 .rodata.cst4   0x0000000000000a3c       0x84 soc-hw.o
 .rodata.cst4   0x0000000000000ac0        0x4 timer.o
 .rodata.cst4   0x0000000000000ac4       0x10 uart.o
 *(.rodata1)
                0x0000000000000ad4                _erodata = .

.data           0x0000000000000ad4       0x18
                0x0000000000000ad4                . = ALIGN (0x4)
                0x0000000000000ad4                _fdata = .
 *(.data .data.* .gnu.linkonce.d.*)
 .data          0x0000000000000ad4        0x0 crt0ram.o
 .data          0x0000000000000ad4        0x0 main.o
 .data          0x0000000000000ad4       0x18 soc-hw.o
                0x0000000000000ad4                pwm
                0x0000000000000ad8                i2c0
                0x0000000000000adc                cam
                0x0000000000000ae0                gpio0
                0x0000000000000ae4                timer0
                0x0000000000000ae8                uart0
 .data          0x0000000000000aec        0x0 pwm.o
 .data          0x0000000000000aec        0x0 timer.o
 .data          0x0000000000000aec        0x0 uart.o
 .data          0x0000000000000aec        0x0 camera.o
 *(.data1)
                0x0000000000000af0                _gp = ALIGN (0x10)
 *(.sdata .sdata.* .gnu.linkonce.s.*)
                0x0000000000000aec                _edata = .

.bss            0x0000000000000aec       0x84
                0x0000000000000aec                . = ALIGN (0x4)
                0x0000000000000aec                _fbss = .
 *(.dynsbss)
 *(.sbss .sbss.* .gnu.linkonce.sb.*)
 *(.scommon)
 *(.dynbss)
 *(.bss .bss.* .gnu.linkonce.b.*)
 .bss           0x0000000000000aec        0x0 crt0ram.o
 .bss           0x0000000000000aec        0x0 main.o
 .bss           0x0000000000000aec       0x84 soc-hw.o
                0x0000000000000aec                tic_msec
                0x0000000000000af0                isr_table
 .bss           0x0000000000000b70        0x0 pwm.o
 .bss           0x0000000000000b70        0x0 timer.o
 .bss           0x0000000000000b70        0x0 uart.o
 .bss           0x0000000000000b70        0x0 camera.o
 *(COMMON)
                0x0000000000000b70                _ebss = .
                0x0000000000000b70                _end = .
                0x0000000000000ffc                PROVIDE (_fstack = ((ORIGIN (ram) + LENGTH (ram)) - 0x4))
LOAD crt0ram.o
LOAD main.o
LOAD soc-hw.o
LOAD pwm.o
LOAD timer.o
LOAD uart.o
LOAD camera.o
OUTPUT(image elf32-lm32)

.debug_frame    0x0000000000000000      0x3bc
 .debug_frame   0x0000000000000000       0x3c main.o
 .debug_frame   0x000000000000003c      0x1f8 soc-hw.o
 .debug_frame   0x0000000000000234       0x4c pwm.o
 .debug_frame   0x0000000000000280       0x24 timer.o
 .debug_frame   0x00000000000002a4       0x64 uart.o
 .debug_frame   0x0000000000000308       0xb4 camera.o

.debug_info     0x0000000000000000     0x1e15
 .debug_info    0x0000000000000000      0x545 main.o
 .debug_info    0x0000000000000545      0x7ef soc-hw.o
 .debug_info    0x0000000000000d34      0x4a9 pwm.o
 .debug_info    0x00000000000011dd      0x2cf timer.o
 .debug_info    0x00000000000014ac      0x442 uart.o
 .debug_info    0x00000000000018ee      0x527 camera.o

.debug_abbrev   0x0000000000000000      0x9b7
 .debug_abbrev  0x0000000000000000      0x16b main.o
 .debug_abbrev  0x000000000000016b      0x23a soc-hw.o
 .debug_abbrev  0x00000000000003a5      0x1a2 pwm.o
 .debug_abbrev  0x0000000000000547      0x114 timer.o
 .debug_abbrev  0x000000000000065b      0x1d4 uart.o
 .debug_abbrev  0x000000000000082f      0x188 camera.o

.debug_loc      0x0000000000000000      0x5f1
 .debug_loc     0x0000000000000000       0x97 main.o
 .debug_loc     0x0000000000000097      0x15e soc-hw.o
 .debug_loc     0x00000000000001f5      0x1ad pwm.o
 .debug_loc     0x00000000000003a2       0x55 timer.o
 .debug_loc     0x00000000000003f7       0xa5 uart.o
 .debug_loc     0x000000000000049c      0x155 camera.o

.debug_aranges  0x0000000000000000       0xc0
 .debug_aranges
                0x0000000000000000       0x20 main.o
 .debug_aranges
                0x0000000000000020       0x20 soc-hw.o
 .debug_aranges
                0x0000000000000040       0x20 pwm.o
 .debug_aranges
                0x0000000000000060       0x20 timer.o
 .debug_aranges
                0x0000000000000080       0x20 uart.o
 .debug_aranges
                0x00000000000000a0       0x20 camera.o

.debug_ranges   0x0000000000000000       0x28
 .debug_ranges  0x0000000000000000       0x10 main.o
 .debug_ranges  0x0000000000000010       0x18 soc-hw.o

.debug_line     0x0000000000000000      0xa15
 .debug_line    0x0000000000000000      0x148 main.o
 .debug_line    0x0000000000000148      0x4fd soc-hw.o
 .debug_line    0x0000000000000645      0x15c pwm.o
 .debug_line    0x00000000000007a1       0x94 timer.o
 .debug_line    0x0000000000000835      0x102 uart.o
 .debug_line    0x0000000000000937       0xde camera.o

.debug_str      0x0000000000000000      0x6e6
 .debug_str     0x0000000000000000      0x2da main.o
                                        0x302 (size before relaxing)
 .debug_str     0x00000000000002da      0x3d7 soc-hw.o
                                        0x576 (size before relaxing)
 .debug_str     0x00000000000006b1       0x17 pwm.o
                                        0x27e (size before relaxing)
 .debug_str     0x00000000000006c8        0xa timer.o
                                        0x211 (size before relaxing)
 .debug_str     0x00000000000006d2        0x9 uart.o
                                        0x2a9 (size before relaxing)
 .debug_str     0x00000000000006db        0xb camera.o
                                        0x350 (size before relaxing)

.comment        0x0000000000000000       0x11
 .comment       0x0000000000000000       0x11 main.o
                                         0x12 (size before relaxing)
 .comment       0x0000000000000011       0x12 soc-hw.o
 .comment       0x0000000000000011       0x12 pwm.o
 .comment       0x0000000000000011       0x12 timer.o
 .comment       0x0000000000000011       0x12 uart.o
 .comment       0x0000000000000011       0x12 camera.o
