
Memory Configuration

Name             Origin             Length             Attributes
ram              0x0000000000000000 0x0000000000001000
*default*        0x0000000000000000 0xffffffffffffffff

Linker script and memory map

                0x0000000000000000                __DYNAMIC = 0x0
                0x0000000000000000                _RAM_START = 0x0
                0x0000000000001000                _RAM_SIZE = 0x1000
                0x0000000000001000                _RAM_END = (_RAM_START + _RAM_SIZE)

.text           0x0000000000000000      0xa94
                0x0000000000000000                _ftext = .
 *(.text .stub .text.* .gnu.linkonce.t.*)
 .text          0x0000000000000000      0x1e8 crt0ram.o
                0x0000000000000000                _start
                0x0000000000000120                irq_enable
                0x000000000000012c                irq_disable
                0x0000000000000138                irq_set_mask
                0x0000000000000140                irq_get_mask
                0x0000000000000148                jump
                0x000000000000014c                halt
                0x00000000000001d8                get_sp
                0x00000000000001e0                get_gp
 .text          0x00000000000001e8        0x0 main.o
 .text.startup  0x00000000000001e8      0x198 main.o
                0x00000000000001e8                main
 .text          0x0000000000000380      0x460 soc-hw.o
                0x0000000000000380                tic_isr()
                0x00000000000003b4                isr_null()
                0x00000000000003b8                cam_read()
                0x00000000000003d0                cam_takepicture(unsigned char)
                0x00000000000003ec                cam_leer(unsigned int)
                0x0000000000000404                cam_resetwr(unsigned char)
                0x0000000000000420                cam_resetrd(unsigned int)
                0x0000000000000438                cam_leer1(unsigned char)
                0x0000000000000454                pwm_read()
                0x000000000000046c                pwm_rd(unsigned char)
                0x0000000000000488                pwm_addr(unsigned int)
                0x00000000000004a0                pwm_wr(unsigned char)
                0x00000000000004bc                pwm_din(unsigned int)
                0x00000000000004d4                gpio_config_dir(unsigned int)
                0x00000000000004ec                gpio_write(unsigned int)
                0x0000000000000504                gpio_read()
                0x000000000000051c                irq_handler(unsigned int)
                0x0000000000000578                isr_init()
                0x00000000000005a4                isr_register(int, void (*)())
                0x00000000000005c0                isr_unregister(int)
                0x00000000000005e8                msleep(unsigned int)
                0x0000000000000620                nsleep(unsigned int)
                0x0000000000000654                tic_init()
                0x00000000000006a8                uart_init()
                0x00000000000006ac                uart_getchar()
                0x00000000000006d4                uart_putchar(char)
                0x00000000000006fc                uart_putstr(char*)
                0x0000000000000734                i2c_init()
                0x000000000000075c                i2c_write(char, char, char)
 .text          0x00000000000007e0      0x130 pwm.o
                0x00000000000007e0                pwm::pwm_sel(int, char, bool)
                0x00000000000008dc                pwm::brazo(char)
 .text          0x0000000000000910       0x34 timer.o
                0x0000000000000910                timer::nsleep(int)
 .text          0x0000000000000944       0xb0 uart.o
                0x0000000000000944                uart::uart_init()
                0x0000000000000948                uart::uart_getchar()
                0x0000000000000970                uart::uart_putchar(char)
                0x0000000000000998                uart::uart_putstr(char*)
                0x00000000000009d0                uart::uart_getint()
 .text          0x00000000000009f4       0xa0 camera.o
                0x00000000000009f4                camera::cam_tomar(int)
                0x0000000000000a10                camera::cam_ver(int)
                0x0000000000000a2c                camera::cam_ver1(int)
                0x0000000000000a48                camera::cam_dato()
                0x0000000000000a64                camera::cam_rst(int, int)
                0x0000000000000a94                _etext = .

.rodata         0x0000000000000a94       0x98
                0x0000000000000a94                . = ALIGN (0x4)
                0x0000000000000a94                _frodata = .
 *(.rodata .rodata.* .gnu.linkonce.r.*)
 .rodata.cst4   0x0000000000000a94       0x84 soc-hw.o
 .rodata.cst4   0x0000000000000b18        0x4 timer.o
 .rodata.cst4   0x0000000000000b1c       0x10 uart.o
 *(.rodata1)
                0x0000000000000b2c                _erodata = .

.data           0x0000000000000b2c       0x18
                0x0000000000000b2c                . = ALIGN (0x4)
                0x0000000000000b2c                _fdata = .
 *(.data .data.* .gnu.linkonce.d.*)
 .data          0x0000000000000b2c        0x0 crt0ram.o
 .data          0x0000000000000b2c        0x0 main.o
 .data          0x0000000000000b2c       0x18 soc-hw.o
                0x0000000000000b2c                pwm
                0x0000000000000b30                i2c0
                0x0000000000000b34                cam
                0x0000000000000b38                gpio0
                0x0000000000000b3c                timer0
                0x0000000000000b40                uart0
 .data          0x0000000000000b44        0x0 pwm.o
 .data          0x0000000000000b44        0x0 timer.o
 .data          0x0000000000000b44        0x0 uart.o
 .data          0x0000000000000b44        0x0 camera.o
 *(.data1)
                0x0000000000000b50                _gp = ALIGN (0x10)
 *(.sdata .sdata.* .gnu.linkonce.s.*)
                0x0000000000000b44                _edata = .

.bss            0x0000000000000b44       0x84
                0x0000000000000b44                . = ALIGN (0x4)
                0x0000000000000b44                _fbss = .
 *(.dynsbss)
 *(.sbss .sbss.* .gnu.linkonce.sb.*)
 *(.scommon)
 *(.dynbss)
 *(.bss .bss.* .gnu.linkonce.b.*)
 .bss           0x0000000000000b44        0x0 crt0ram.o
 .bss           0x0000000000000b44        0x0 main.o
 .bss           0x0000000000000b44       0x84 soc-hw.o
                0x0000000000000b44                tic_msec
                0x0000000000000b48                isr_table
 .bss           0x0000000000000bc8        0x0 pwm.o
 .bss           0x0000000000000bc8        0x0 timer.o
 .bss           0x0000000000000bc8        0x0 uart.o
 .bss           0x0000000000000bc8        0x0 camera.o
 *(COMMON)
                0x0000000000000bc8                _ebss = .
                0x0000000000000bc8                _end = .
                0x0000000000000ffc                PROVIDE (_fstack = ((ORIGIN (ram) + LENGTH (ram)) - 0x4))
LOAD crt0ram.o
LOAD main.o
LOAD soc-hw.o
LOAD pwm.o
LOAD timer.o
LOAD uart.o
LOAD camera.o
OUTPUT(image elf32-lm32)

.debug_frame    0x0000000000000000      0x3c4
 .debug_frame   0x0000000000000000       0x44 main.o
 .debug_frame   0x0000000000000044      0x1f8 soc-hw.o
 .debug_frame   0x000000000000023c       0x4c pwm.o
 .debug_frame   0x0000000000000288       0x24 timer.o
 .debug_frame   0x00000000000002ac       0x64 uart.o
 .debug_frame   0x0000000000000310       0xb4 camera.o

.debug_info     0x0000000000000000     0x1e44
 .debug_info    0x0000000000000000      0x574 main.o
 .debug_info    0x0000000000000574      0x7ef soc-hw.o
 .debug_info    0x0000000000000d63      0x4a9 pwm.o
 .debug_info    0x000000000000120c      0x2cf timer.o
 .debug_info    0x00000000000014db      0x442 uart.o
 .debug_info    0x000000000000191d      0x527 camera.o

.debug_abbrev   0x0000000000000000      0x9b7
 .debug_abbrev  0x0000000000000000      0x16b main.o
 .debug_abbrev  0x000000000000016b      0x23a soc-hw.o
 .debug_abbrev  0x00000000000003a5      0x1a2 pwm.o
 .debug_abbrev  0x0000000000000547      0x114 timer.o
 .debug_abbrev  0x000000000000065b      0x1d4 uart.o
 .debug_abbrev  0x000000000000082f      0x188 camera.o

.debug_loc      0x0000000000000000      0x5ed
 .debug_loc     0x0000000000000000       0x93 main.o
 .debug_loc     0x0000000000000093      0x15e soc-hw.o
 .debug_loc     0x00000000000001f1      0x1ad pwm.o
 .debug_loc     0x000000000000039e       0x55 timer.o
 .debug_loc     0x00000000000003f3       0xa5 uart.o
 .debug_loc     0x0000000000000498      0x155 camera.o

.debug_aranges  0x0000000000000000       0xc0
 .debug_aranges
                0x0000000000000000       0x20 main.o
 .debug_aranges
                0x0000000000000020       0x20 soc-hw.o
 .debug_aranges
                0x0000000000000040       0x20 pwm.o
 .debug_aranges
                0x0000000000000060       0x20 timer.o
 .debug_aranges
                0x0000000000000080       0x20 uart.o
 .debug_aranges
                0x00000000000000a0       0x20 camera.o

.debug_ranges   0x0000000000000000       0x28
 .debug_ranges  0x0000000000000000       0x10 main.o
 .debug_ranges  0x0000000000000010       0x18 soc-hw.o

.debug_line     0x0000000000000000      0xa7d
 .debug_line    0x0000000000000000      0x1b0 main.o
 .debug_line    0x00000000000001b0      0x4fd soc-hw.o
 .debug_line    0x00000000000006ad      0x15c pwm.o
 .debug_line    0x0000000000000809       0x94 timer.o
 .debug_line    0x000000000000089d      0x102 uart.o
 .debug_line    0x000000000000099f       0xde camera.o

.debug_str      0x0000000000000000      0x6de
 .debug_str     0x0000000000000000      0x2d2 main.o
                                        0x2fa (size before relaxing)
 .debug_str     0x00000000000002d2      0x3d7 soc-hw.o
                                        0x56e (size before relaxing)
 .debug_str     0x00000000000006a9       0x17 pwm.o
                                        0x276 (size before relaxing)
 .debug_str     0x00000000000006c0        0xa timer.o
                                        0x209 (size before relaxing)
 .debug_str     0x00000000000006ca        0x9 uart.o
                                        0x2a1 (size before relaxing)
 .debug_str     0x00000000000006d3        0xb camera.o
                                        0x348 (size before relaxing)

.comment        0x0000000000000000       0x11
 .comment       0x0000000000000000       0x11 main.o
                                         0x12 (size before relaxing)
 .comment       0x0000000000000011       0x12 soc-hw.o
 .comment       0x0000000000000011       0x12 pwm.o
 .comment       0x0000000000000011       0x12 timer.o
 .comment       0x0000000000000011       0x12 uart.o
 .comment       0x0000000000000011       0x12 camera.o
