
Memory Configuration

Name             Origin             Length             Attributes
ram              0x0000000000000000 0x0000000000001000
*default*        0x0000000000000000 0xffffffffffffffff

Linker script and memory map

                0x0000000000000000                __DYNAMIC = 0x0
                0x0000000000000000                _RAM_START = 0x0
                0x0000000000001000                _RAM_SIZE = 0x1000
                0x0000000000001000                _RAM_END = (_RAM_START + _RAM_SIZE)

.text           0x0000000000000000      0x9b4
                0x0000000000000000                _ftext = .
 *(.text .stub .text.* .gnu.linkonce.t.*)
 .text          0x0000000000000000      0x1e8 crt0ram.o
                0x0000000000000000                _start
                0x0000000000000120                irq_enable
                0x000000000000012c                irq_disable
                0x0000000000000138                irq_set_mask
                0x0000000000000140                irq_get_mask
                0x0000000000000148                jump
                0x000000000000014c                halt
                0x00000000000001d8                get_sp
                0x00000000000001e0                get_gp
 .text          0x00000000000001e8        0x0 main.o
 .text.startup  0x00000000000001e8       0xf0 main.o
                0x00000000000001e8                main
 .text          0x00000000000002d8      0x444 soc-hw.o
                0x00000000000002d8                tic_isr()
                0x000000000000030c                isr_null()
                0x0000000000000310                cam_read()
                0x0000000000000328                cam_takepicture(unsigned char)
                0x0000000000000344                cam_leer(unsigned int)
                0x000000000000035c                cam_resetwr(unsigned char)
                0x0000000000000378                cam_resetrd(unsigned int)
                0x0000000000000390                pwm_read()
                0x00000000000003a8                pwm_rd(unsigned char)
                0x00000000000003c4                pwm_addr(unsigned int)
                0x00000000000003dc                pwm_wr(unsigned char)
                0x00000000000003f8                pwm_din(unsigned int)
                0x0000000000000410                gpio_config_dir(unsigned int)
                0x0000000000000428                gpio_write(unsigned int)
                0x0000000000000440                gpio_read()
                0x0000000000000458                irq_handler(unsigned int)
                0x00000000000004b4                isr_init()
                0x00000000000004e0                isr_register(int, void (*)())
                0x00000000000004fc                isr_unregister(int)
                0x0000000000000524                msleep(unsigned int)
                0x000000000000055c                nsleep(unsigned int)
                0x0000000000000590                tic_init()
                0x00000000000005e4                uart_init()
                0x00000000000005e8                uart_getchar()
                0x0000000000000610                uart_putchar(char)
                0x0000000000000638                uart_putstr(char*)
                0x0000000000000670                i2c_init()
                0x0000000000000698                i2c_write(char, char, char)
 .text          0x000000000000071c      0x130 pwm.o
                0x000000000000071c                pwm::pwm_sel(int, char, bool)
                0x0000000000000818                pwm::brazo(char)
 .text          0x000000000000084c       0x34 timer.o
                0x000000000000084c                timer::nsleep(int)
 .text          0x0000000000000880       0xb0 uart.o
                0x0000000000000880                uart::uart_init()
                0x0000000000000884                uart::uart_getchar()
                0x00000000000008ac                uart::uart_putchar(char)
                0x00000000000008d4                uart::uart_putstr(char*)
                0x000000000000090c                uart::uart_getint()
 .text          0x0000000000000930       0x84 camera.o
                0x0000000000000930                camera::cam_tomar(int)
                0x000000000000094c                camera::cam_ver(int)
                0x0000000000000968                camera::cam_dato()
                0x0000000000000984                camera::cam_rst(int, int)
                0x00000000000009b4                _etext = .

.rodata         0x00000000000009b4       0x94
                0x00000000000009b4                . = ALIGN (0x4)
                0x00000000000009b4                _frodata = .
 *(.rodata .rodata.* .gnu.linkonce.r.*)
 .rodata.cst4   0x00000000000009b4       0x80 soc-hw.o
 .rodata.cst4   0x0000000000000a34        0x4 timer.o
 .rodata.cst4   0x0000000000000a38       0x10 uart.o
 *(.rodata1)
                0x0000000000000a48                _erodata = .

.data           0x0000000000000a48       0x18
                0x0000000000000a48                . = ALIGN (0x4)
                0x0000000000000a48                _fdata = .
 *(.data .data.* .gnu.linkonce.d.*)
 .data          0x0000000000000a48        0x0 crt0ram.o
 .data          0x0000000000000a48        0x0 main.o
 .data          0x0000000000000a48       0x18 soc-hw.o
                0x0000000000000a48                pwm
                0x0000000000000a4c                i2c0
                0x0000000000000a50                cam
                0x0000000000000a54                gpio0
                0x0000000000000a58                timer0
                0x0000000000000a5c                uart0
 .data          0x0000000000000a60        0x0 pwm.o
 .data          0x0000000000000a60        0x0 timer.o
 .data          0x0000000000000a60        0x0 uart.o
 .data          0x0000000000000a60        0x0 camera.o
 *(.data1)
                0x0000000000000a60                _gp = ALIGN (0x10)
 *(.sdata .sdata.* .gnu.linkonce.s.*)
                0x0000000000000a60                _edata = .

.bss            0x0000000000000a60       0x84
                0x0000000000000a60                . = ALIGN (0x4)
                0x0000000000000a60                _fbss = .
 *(.dynsbss)
 *(.sbss .sbss.* .gnu.linkonce.sb.*)
 *(.scommon)
 *(.dynbss)
 *(.bss .bss.* .gnu.linkonce.b.*)
 .bss           0x0000000000000a60        0x0 crt0ram.o
 .bss           0x0000000000000a60        0x0 main.o
 .bss           0x0000000000000a60       0x84 soc-hw.o
                0x0000000000000a60                tic_msec
                0x0000000000000a64                isr_table
 .bss           0x0000000000000ae4        0x0 pwm.o
 .bss           0x0000000000000ae4        0x0 timer.o
 .bss           0x0000000000000ae4        0x0 uart.o
 .bss           0x0000000000000ae4        0x0 camera.o
 *(COMMON)
                0x0000000000000ae4                _ebss = .
                0x0000000000000ae4                _end = .
                0x0000000000000ffc                PROVIDE (_fstack = ((ORIGIN (ram) + LENGTH (ram)) - 0x4))
LOAD crt0ram.o
LOAD main.o
LOAD soc-hw.o
LOAD pwm.o
LOAD timer.o
LOAD uart.o
LOAD camera.o
OUTPUT(image elf32-lm32)

.debug_frame    0x0000000000000000      0x38c
 .debug_frame   0x0000000000000000       0x3c main.o
 .debug_frame   0x000000000000003c      0x1e8 soc-hw.o
 .debug_frame   0x0000000000000224       0x4c pwm.o
 .debug_frame   0x0000000000000270       0x24 timer.o
 .debug_frame   0x0000000000000294       0x64 uart.o
 .debug_frame   0x00000000000002f8       0x94 camera.o

.debug_info     0x0000000000000000     0x1c41
 .debug_info    0x0000000000000000      0x45c main.o
 .debug_info    0x000000000000045c      0x7bc soc-hw.o
 .debug_info    0x0000000000000c18      0x49d pwm.o
 .debug_info    0x00000000000010b5      0x2c3 timer.o
 .debug_info    0x0000000000001378      0x436 uart.o
 .debug_info    0x00000000000017ae      0x493 camera.o

.debug_abbrev   0x0000000000000000      0x9ac
 .debug_abbrev  0x0000000000000000      0x160 main.o
 .debug_abbrev  0x0000000000000160      0x23a soc-hw.o
 .debug_abbrev  0x000000000000039a      0x1a2 pwm.o
 .debug_abbrev  0x000000000000053c      0x114 timer.o
 .debug_abbrev  0x0000000000000650      0x1d4 uart.o
 .debug_abbrev  0x0000000000000824      0x188 camera.o

.debug_loc      0x0000000000000000      0x575
 .debug_loc     0x0000000000000000       0x5d main.o
 .debug_loc     0x000000000000005d      0x15e soc-hw.o
 .debug_loc     0x00000000000001bb      0x1ad pwm.o
 .debug_loc     0x0000000000000368       0x55 timer.o
 .debug_loc     0x00000000000003bd       0xa5 uart.o
 .debug_loc     0x0000000000000462      0x113 camera.o

.debug_aranges  0x0000000000000000       0xc0
 .debug_aranges
                0x0000000000000000       0x20 main.o
 .debug_aranges
                0x0000000000000020       0x20 soc-hw.o
 .debug_aranges
                0x0000000000000040       0x20 pwm.o
 .debug_aranges
                0x0000000000000060       0x20 timer.o
 .debug_aranges
                0x0000000000000080       0x20 uart.o
 .debug_aranges
                0x00000000000000a0       0x20 camera.o

.debug_ranges   0x0000000000000000       0x28
 .debug_ranges  0x0000000000000000       0x10 main.o
 .debug_ranges  0x0000000000000010       0x18 soc-hw.o

.debug_line     0x0000000000000000      0x9ad
 .debug_line    0x0000000000000000      0x120 main.o
 .debug_line    0x0000000000000120      0x4d5 soc-hw.o
 .debug_line    0x00000000000005f5      0x15c pwm.o
 .debug_line    0x0000000000000751       0x94 timer.o
 .debug_line    0x00000000000007e5      0x102 uart.o
 .debug_line    0x00000000000008e7       0xc6 camera.o

.debug_str      0x0000000000000000      0x69f
 .debug_str     0x0000000000000000      0x2b2 main.o
                                        0x2d5 (size before relaxing)
 .debug_str     0x00000000000002b2      0x3b8 soc-hw.o
                                        0x548 (size before relaxing)
 .debug_str     0x000000000000066a       0x17 pwm.o
                                        0x26f (size before relaxing)
 .debug_str     0x0000000000000681        0xa timer.o
                                        0x202 (size before relaxing)
 .debug_str     0x000000000000068b        0x9 uart.o
                                        0x29a (size before relaxing)
 .debug_str     0x0000000000000694        0xb camera.o
                                        0x305 (size before relaxing)

.comment        0x0000000000000000       0x11
 .comment       0x0000000000000000       0x11 main.o
                                         0x12 (size before relaxing)
 .comment       0x0000000000000011       0x12 soc-hw.o
 .comment       0x0000000000000011       0x12 pwm.o
 .comment       0x0000000000000011       0x12 timer.o
 .comment       0x0000000000000011       0x12 uart.o
 .comment       0x0000000000000011       0x12 camera.o
