
Memory Configuration

Name             Origin             Length             Attributes
ram              0x0000000000000000 0x0000000000001000
*default*        0x0000000000000000 0xffffffffffffffff

Linker script and memory map

                0x0000000000000000                __DYNAMIC = 0x0
                0x0000000000000000                _RAM_START = 0x0
                0x0000000000001000                _RAM_SIZE = 0x1000
                0x0000000000001000                _RAM_END = (_RAM_START + _RAM_SIZE)

.text           0x0000000000000000      0xa4c
                0x0000000000000000                _ftext = .
 *(.text .stub .text.* .gnu.linkonce.t.*)
 .text          0x0000000000000000      0x1e8 crt0ram.o
                0x0000000000000000                _start
                0x0000000000000120                irq_enable
                0x000000000000012c                irq_disable
                0x0000000000000138                irq_set_mask
                0x0000000000000140                irq_get_mask
                0x0000000000000148                jump
                0x000000000000014c                halt
                0x00000000000001d8                get_sp
                0x00000000000001e0                get_gp
 .text          0x00000000000001e8        0x0 main.o
 .text.startup  0x00000000000001e8      0x28c main.o
                0x00000000000001e8                main
 .text          0x0000000000000474      0x3c4 soc-hw.o
                0x0000000000000474                tic_isr()
                0x00000000000004a8                isr_null()
                0x00000000000004ac                pwm_read()
                0x00000000000004c4                pwm_rd(unsigned char)
                0x00000000000004e0                pwm_addr(unsigned int)
                0x00000000000004f8                pwm_wr(unsigned char)
                0x0000000000000514                pwm_din(unsigned int)
                0x000000000000052c                gpio_config_dir(unsigned int)
                0x0000000000000544                gpio_write(unsigned int)
                0x000000000000055c                gpio_read()
                0x0000000000000574                irq_handler(unsigned int)
                0x00000000000005d0                isr_init()
                0x00000000000005fc                isr_register(int, void (*)())
                0x0000000000000618                isr_unregister(int)
                0x0000000000000640                msleep(unsigned int)
                0x0000000000000678                nsleep(unsigned int)
                0x00000000000006ac                tic_init()
                0x0000000000000700                uart_init()
                0x0000000000000704                uart_getchar()
                0x000000000000072c                uart_putchar(char)
                0x0000000000000754                uart_putstr(char*)
                0x000000000000078c                i2c_init()
                0x00000000000007b4                i2c_write(char, char, char)
 .text          0x0000000000000838      0x130 pwm.o
                0x0000000000000838                pwm::pwm_sel(int, char, bool)
                0x0000000000000934                pwm::brazo(char)
 .text          0x0000000000000968       0x34 timer.o
                0x0000000000000968                timer::nsleep(int)
 .text          0x000000000000099c       0xb0 uart.o
                0x000000000000099c                uart::uart_init()
                0x00000000000009a0                uart::uart_getchar()
                0x00000000000009c8                uart::uart_putchar(char)
                0x00000000000009f0                uart::uart_putstr(char*)
                0x0000000000000a28                uart::uart_getint()
                0x0000000000000a4c                _etext = .

.rodata         0x0000000000000a4c       0x80
                0x0000000000000a4c                . = ALIGN (0x4)
                0x0000000000000a4c                _frodata = .
 *(.rodata .rodata.* .gnu.linkonce.r.*)
 .rodata.cst4   0x0000000000000a4c       0x6c soc-hw.o
 .rodata.cst4   0x0000000000000ab8        0x4 timer.o
 .rodata.cst4   0x0000000000000abc       0x10 uart.o
 *(.rodata1)
                0x0000000000000acc                _erodata = .

.data           0x0000000000000acc       0x18
                0x0000000000000acc                . = ALIGN (0x4)
                0x0000000000000acc                _fdata = .
 *(.data .data.* .gnu.linkonce.d.*)
 .data          0x0000000000000acc        0x0 crt0ram.o
 .data          0x0000000000000acc        0x0 main.o
 .data          0x0000000000000acc       0x18 soc-hw.o
                0x0000000000000acc                pwm
                0x0000000000000ad0                i2c0
                0x0000000000000ad4                spi0
                0x0000000000000ad8                gpio0
                0x0000000000000adc                timer0
                0x0000000000000ae0                uart0
 .data          0x0000000000000ae4        0x0 pwm.o
 .data          0x0000000000000ae4        0x0 timer.o
 .data          0x0000000000000ae4        0x0 uart.o
 *(.data1)
                0x0000000000000af0                _gp = ALIGN (0x10)
 *(.sdata .sdata.* .gnu.linkonce.s.*)
                0x0000000000000ae4                _edata = .

.bss            0x0000000000000ae4       0x84
                0x0000000000000ae4                . = ALIGN (0x4)
                0x0000000000000ae4                _fbss = .
 *(.dynsbss)
 *(.sbss .sbss.* .gnu.linkonce.sb.*)
 *(.scommon)
 *(.dynbss)
 *(.bss .bss.* .gnu.linkonce.b.*)
 .bss           0x0000000000000ae4        0x0 crt0ram.o
 .bss           0x0000000000000ae4        0x0 main.o
 .bss           0x0000000000000ae4       0x84 soc-hw.o
                0x0000000000000ae4                tic_msec
                0x0000000000000ae8                isr_table
 .bss           0x0000000000000b68        0x0 pwm.o
 .bss           0x0000000000000b68        0x0 timer.o
 .bss           0x0000000000000b68        0x0 uart.o
 *(COMMON)
                0x0000000000000b68                _ebss = .
                0x0000000000000b68                _end = .
                0x0000000000000ffc                PROVIDE (_fstack = ((ORIGIN (ram) + LENGTH (ram)) - 0x4))
LOAD crt0ram.o
LOAD main.o
LOAD soc-hw.o
LOAD pwm.o
LOAD timer.o
LOAD uart.o
OUTPUT(image elf32-lm32)

.debug_frame    0x0000000000000000      0x2ac
 .debug_frame   0x0000000000000000       0x40 main.o
 .debug_frame   0x0000000000000040      0x198 soc-hw.o
 .debug_frame   0x00000000000001d8       0x4c pwm.o
 .debug_frame   0x0000000000000224       0x24 timer.o
 .debug_frame   0x0000000000000248       0x64 uart.o

.debug_info     0x0000000000000000     0x176e
 .debug_info    0x0000000000000000      0x608 main.o
 .debug_info    0x0000000000000608      0x6ff soc-hw.o
 .debug_info    0x0000000000000d07      0x438 pwm.o
 .debug_info    0x000000000000113f      0x25e timer.o
 .debug_info    0x000000000000139d      0x3d1 uart.o

.debug_abbrev   0x0000000000000000      0x811
 .debug_abbrev  0x0000000000000000      0x14d main.o
 .debug_abbrev  0x000000000000014d      0x23a soc-hw.o
 .debug_abbrev  0x0000000000000387      0x1a2 pwm.o
 .debug_abbrev  0x0000000000000529      0x114 timer.o
 .debug_abbrev  0x000000000000063d      0x1d4 uart.o

.debug_loc      0x0000000000000000      0x4cf
 .debug_loc     0x0000000000000000       0xca main.o
 .debug_loc     0x00000000000000ca      0x15e soc-hw.o
 .debug_loc     0x0000000000000228      0x1ad pwm.o
 .debug_loc     0x00000000000003d5       0x55 timer.o
 .debug_loc     0x000000000000042a       0xa5 uart.o

.debug_aranges  0x0000000000000000       0xa0
 .debug_aranges
                0x0000000000000000       0x20 main.o
 .debug_aranges
                0x0000000000000020       0x20 soc-hw.o
 .debug_aranges
                0x0000000000000040       0x20 pwm.o
 .debug_aranges
                0x0000000000000060       0x20 timer.o
 .debug_aranges
                0x0000000000000080       0x20 uart.o

.debug_ranges   0x0000000000000000       0x28
 .debug_ranges  0x0000000000000000       0x10 main.o
 .debug_ranges  0x0000000000000010       0x18 soc-hw.o

.debug_line     0x0000000000000000      0x8bd
 .debug_line    0x0000000000000000      0x18e main.o
 .debug_line    0x000000000000018e      0x43d soc-hw.o
 .debug_line    0x00000000000005cb      0x15c pwm.o
 .debug_line    0x0000000000000727       0x94 timer.o
 .debug_line    0x00000000000007bb      0x102 uart.o

.debug_str      0x0000000000000000      0x573
 .debug_str     0x0000000000000000      0x20e main.o
                                        0x213 (size before relaxing)
 .debug_str     0x000000000000020e      0x33b soc-hw.o
                                        0x4a4 (size before relaxing)
 .debug_str     0x0000000000000549       0x17 pwm.o
                                        0x25c (size before relaxing)
 .debug_str     0x0000000000000560        0xa timer.o
                                        0x1ef (size before relaxing)
 .debug_str     0x000000000000056a        0x9 uart.o
                                        0x287 (size before relaxing)

.comment        0x0000000000000000       0x11
 .comment       0x0000000000000000       0x11 main.o
                                         0x12 (size before relaxing)
 .comment       0x0000000000000011       0x12 soc-hw.o
 .comment       0x0000000000000011       0x12 pwm.o
 .comment       0x0000000000000011       0x12 timer.o
 .comment       0x0000000000000011       0x12 uart.o
