
Memory Configuration

Name             Origin             Length             Attributes
ram              0x0000000000000000 0x0000000000001000
*default*        0x0000000000000000 0xffffffffffffffff

Linker script and memory map

                0x0000000000000000                __DYNAMIC = 0x0
                0x0000000000000000                _RAM_START = 0x0
                0x0000000000001000                _RAM_SIZE = 0x1000
                0x0000000000001000                _RAM_END = (_RAM_START + _RAM_SIZE)

.text           0x0000000000000000      0xa48
                0x0000000000000000                _ftext = .
 *(.text .stub .text.* .gnu.linkonce.t.*)
 .text          0x0000000000000000      0x1e8 crt0ram.o
                0x0000000000000000                _start
                0x0000000000000120                irq_enable
                0x000000000000012c                irq_disable
                0x0000000000000138                irq_set_mask
                0x0000000000000140                irq_get_mask
                0x0000000000000148                jump
                0x000000000000014c                halt
                0x00000000000001d8                get_sp
                0x00000000000001e0                get_gp
 .text          0x00000000000001e8        0x0 main.o
 .text.startup  0x00000000000001e8      0x14c main.o
                0x00000000000001e8                main
 .text          0x0000000000000334      0x460 soc-hw.o
                0x0000000000000334                tic_isr()
                0x0000000000000368                isr_null()
                0x000000000000036c                cam_read()
                0x0000000000000384                cam_takepicture(unsigned char)
                0x00000000000003a0                cam_leer(unsigned int)
                0x00000000000003b8                cam_resetwr(unsigned char)
                0x00000000000003d4                cam_resetrd(unsigned int)
                0x00000000000003ec                cam_leer1(unsigned char)
                0x0000000000000408                pwm_read()
                0x0000000000000420                pwm_rd(unsigned char)
                0x000000000000043c                pwm_addr(unsigned int)
                0x0000000000000454                pwm_wr(unsigned char)
                0x0000000000000470                pwm_din(unsigned int)
                0x0000000000000488                gpio_config_dir(unsigned int)
                0x00000000000004a0                gpio_write(unsigned int)
                0x00000000000004b8                gpio_read()
                0x00000000000004d0                irq_handler(unsigned int)
                0x000000000000052c                isr_init()
                0x0000000000000558                isr_register(int, void (*)())
                0x0000000000000574                isr_unregister(int)
                0x000000000000059c                msleep(unsigned int)
                0x00000000000005d4                nsleep(unsigned int)
                0x0000000000000608                tic_init()
                0x000000000000065c                uart_init()
                0x0000000000000660                uart_getchar()
                0x0000000000000688                uart_putchar(char)
                0x00000000000006b0                uart_putstr(char*)
                0x00000000000006e8                i2c_init()
                0x0000000000000710                i2c_write(char, char, char)
 .text          0x0000000000000794      0x130 pwm.o
                0x0000000000000794                pwm::pwm_sel(int, char, bool)
                0x0000000000000890                pwm::brazo(char)
 .text          0x00000000000008c4       0x34 timer.o
                0x00000000000008c4                timer::nsleep(int)
 .text          0x00000000000008f8       0xb0 uart.o
                0x00000000000008f8                uart::uart_init()
                0x00000000000008fc                uart::uart_getchar()
                0x0000000000000924                uart::uart_putchar(char)
                0x000000000000094c                uart::uart_putstr(char*)
                0x0000000000000984                uart::uart_getint()
 .text          0x00000000000009a8       0xa0 camera.o
                0x00000000000009a8                camera::cam_tomar(int)
                0x00000000000009c4                camera::cam_ver(int)
                0x00000000000009e0                camera::cam_ver1(int)
                0x00000000000009fc                camera::cam_dato()
                0x0000000000000a18                camera::cam_rst(int, int)
                0x0000000000000a48                _etext = .

.rodata         0x0000000000000a48       0x98
                0x0000000000000a48                . = ALIGN (0x4)
                0x0000000000000a48                _frodata = .
 *(.rodata .rodata.* .gnu.linkonce.r.*)
 .rodata.cst4   0x0000000000000a48       0x84 soc-hw.o
 .rodata.cst4   0x0000000000000acc        0x4 timer.o
 .rodata.cst4   0x0000000000000ad0       0x10 uart.o
 *(.rodata1)
                0x0000000000000ae0                _erodata = .

.data           0x0000000000000ae0       0x18
                0x0000000000000ae0                . = ALIGN (0x4)
                0x0000000000000ae0                _fdata = .
 *(.data .data.* .gnu.linkonce.d.*)
 .data          0x0000000000000ae0        0x0 crt0ram.o
 .data          0x0000000000000ae0        0x0 main.o
 .data          0x0000000000000ae0       0x18 soc-hw.o
                0x0000000000000ae0                pwm
                0x0000000000000ae4                i2c0
                0x0000000000000ae8                cam
                0x0000000000000aec                gpio0
                0x0000000000000af0                timer0
                0x0000000000000af4                uart0
 .data          0x0000000000000af8        0x0 pwm.o
 .data          0x0000000000000af8        0x0 timer.o
 .data          0x0000000000000af8        0x0 uart.o
 .data          0x0000000000000af8        0x0 camera.o
 *(.data1)
                0x0000000000000b00                _gp = ALIGN (0x10)
 *(.sdata .sdata.* .gnu.linkonce.s.*)
                0x0000000000000af8                _edata = .

.bss            0x0000000000000af8       0x84
                0x0000000000000af8                . = ALIGN (0x4)
                0x0000000000000af8                _fbss = .
 *(.dynsbss)
 *(.sbss .sbss.* .gnu.linkonce.sb.*)
 *(.scommon)
 *(.dynbss)
 *(.bss .bss.* .gnu.linkonce.b.*)
 .bss           0x0000000000000af8        0x0 crt0ram.o
 .bss           0x0000000000000af8        0x0 main.o
 .bss           0x0000000000000af8       0x84 soc-hw.o
                0x0000000000000af8                tic_msec
                0x0000000000000afc                isr_table
 .bss           0x0000000000000b7c        0x0 pwm.o
 .bss           0x0000000000000b7c        0x0 timer.o
 .bss           0x0000000000000b7c        0x0 uart.o
 .bss           0x0000000000000b7c        0x0 camera.o
 *(COMMON)
                0x0000000000000b7c                _ebss = .
                0x0000000000000b7c                _end = .
                0x0000000000000ffc                PROVIDE (_fstack = ((ORIGIN (ram) + LENGTH (ram)) - 0x4))
LOAD crt0ram.o
LOAD main.o
LOAD soc-hw.o
LOAD pwm.o
LOAD timer.o
LOAD uart.o
LOAD camera.o
OUTPUT(image elf32-lm32)

.debug_frame    0x0000000000000000      0x3bc
 .debug_frame   0x0000000000000000       0x3c main.o
 .debug_frame   0x000000000000003c      0x1f8 soc-hw.o
 .debug_frame   0x0000000000000234       0x4c pwm.o
 .debug_frame   0x0000000000000280       0x24 timer.o
 .debug_frame   0x00000000000002a4       0x64 uart.o
 .debug_frame   0x0000000000000308       0xb4 camera.o

.debug_info     0x0000000000000000     0x1e2f
 .debug_info    0x0000000000000000      0x55f main.o
 .debug_info    0x000000000000055f      0x7ef soc-hw.o
 .debug_info    0x0000000000000d4e      0x4a9 pwm.o
 .debug_info    0x00000000000011f7      0x2cf timer.o
 .debug_info    0x00000000000014c6      0x442 uart.o
 .debug_info    0x0000000000001908      0x527 camera.o

.debug_abbrev   0x0000000000000000      0x9b7
 .debug_abbrev  0x0000000000000000      0x16b main.o
 .debug_abbrev  0x000000000000016b      0x23a soc-hw.o
 .debug_abbrev  0x00000000000003a5      0x1a2 pwm.o
 .debug_abbrev  0x0000000000000547      0x114 timer.o
 .debug_abbrev  0x000000000000065b      0x1d4 uart.o
 .debug_abbrev  0x000000000000082f      0x188 camera.o

.debug_loc      0x0000000000000000      0x5f1
 .debug_loc     0x0000000000000000       0x97 main.o
 .debug_loc     0x0000000000000097      0x15e soc-hw.o
 .debug_loc     0x00000000000001f5      0x1ad pwm.o
 .debug_loc     0x00000000000003a2       0x55 timer.o
 .debug_loc     0x00000000000003f7       0xa5 uart.o
 .debug_loc     0x000000000000049c      0x155 camera.o

.debug_aranges  0x0000000000000000       0xc0
 .debug_aranges
                0x0000000000000000       0x20 main.o
 .debug_aranges
                0x0000000000000020       0x20 soc-hw.o
 .debug_aranges
                0x0000000000000040       0x20 pwm.o
 .debug_aranges
                0x0000000000000060       0x20 timer.o
 .debug_aranges
                0x0000000000000080       0x20 uart.o
 .debug_aranges
                0x00000000000000a0       0x20 camera.o

.debug_ranges   0x0000000000000000       0x28
 .debug_ranges  0x0000000000000000       0x10 main.o
 .debug_ranges  0x0000000000000010       0x18 soc-hw.o

.debug_line     0x0000000000000000      0xa1d
 .debug_line    0x0000000000000000      0x150 main.o
 .debug_line    0x0000000000000150      0x4fd soc-hw.o
 .debug_line    0x000000000000064d      0x15c pwm.o
 .debug_line    0x00000000000007a9       0x94 timer.o
 .debug_line    0x000000000000083d      0x102 uart.o
 .debug_line    0x000000000000093f       0xde camera.o

.debug_str      0x0000000000000000      0x6fe
 .debug_str     0x0000000000000000      0x2f2 main.o
                                        0x31a (size before relaxing)
 .debug_str     0x00000000000002f2      0x3d7 soc-hw.o
                                        0x58e (size before relaxing)
 .debug_str     0x00000000000006c9       0x17 pwm.o
                                        0x296 (size before relaxing)
 .debug_str     0x00000000000006e0        0xa timer.o
                                        0x229 (size before relaxing)
 .debug_str     0x00000000000006ea        0x9 uart.o
                                        0x2c1 (size before relaxing)
 .debug_str     0x00000000000006f3        0xb camera.o
                                        0x368 (size before relaxing)

.comment        0x0000000000000000       0x11
 .comment       0x0000000000000000       0x11 main.o
                                         0x12 (size before relaxing)
 .comment       0x0000000000000011       0x12 soc-hw.o
 .comment       0x0000000000000011       0x12 pwm.o
 .comment       0x0000000000000011       0x12 timer.o
 .comment       0x0000000000000011       0x12 uart.o
 .comment       0x0000000000000011       0x12 camera.o
