
Memory Configuration

Name             Origin             Length             Attributes
ram              0x0000000000000000 0x0000000000001000
*default*        0x0000000000000000 0xffffffffffffffff

Linker script and memory map

                0x0000000000000000                __DYNAMIC = 0x0
                0x0000000000000000                _RAM_START = 0x0
                0x0000000000001000                _RAM_SIZE = 0x1000
                0x0000000000001000                _RAM_END = (_RAM_START + _RAM_SIZE)

.text           0x0000000000000000      0x7d0
                0x0000000000000000                _ftext = .
 *(.text .stub .text.* .gnu.linkonce.t.*)
 .text          0x0000000000000000      0x1e8 crt0ram.o
                0x0000000000000000                _start
                0x0000000000000120                irq_enable
                0x000000000000012c                irq_disable
                0x0000000000000138                irq_set_mask
                0x0000000000000140                irq_get_mask
                0x0000000000000148                jump
                0x000000000000014c                halt
                0x00000000000001d8                get_sp
                0x00000000000001e0                get_gp
 .text          0x00000000000001e8        0x0 main.o
 .text.startup  0x00000000000001e8       0x48 main.o
                0x00000000000001e8                main
 .text          0x0000000000000230      0x35c soc-hw.o
                0x0000000000000230                tic_isr()
                0x0000000000000264                isr_null()
                0x0000000000000268                pwm_read()
                0x0000000000000280                pwm_rd(unsigned char)
                0x000000000000029c                pwm_addr(unsigned int)
                0x00000000000002b4                pwm_wr(unsigned char)
                0x00000000000002d0                pwm_din(unsigned int)
                0x00000000000002e8                tomarfoto()
                0x0000000000000308                leerfoto()
                0x000000000000032c                gpio_config_dir(unsigned int)
                0x0000000000000344                gpio_write(unsigned int)
                0x000000000000035c                gpio_read()
                0x0000000000000374                irq_handler(unsigned int)
                0x00000000000003d0                isr_init()
                0x00000000000003fc                isr_register(int, void (*)())
                0x0000000000000418                isr_unregister(int)
                0x0000000000000440                msleep(unsigned int)
                0x0000000000000478                nsleep(unsigned int)
                0x00000000000004ac                tic_init()
                0x0000000000000500                uart_init()
                0x0000000000000504                uart_getchar()
                0x000000000000052c                uart_putchar(char)
                0x0000000000000554                uart_putstr(char*)
 .text          0x000000000000058c      0x130 pwm.o
                0x000000000000058c                pwm::pwm_sel(int, char, bool)
                0x0000000000000688                pwm::brazo(char)
 .text          0x00000000000006bc       0x34 timer.o
                0x00000000000006bc                timer::nsleep(int)
 .text          0x00000000000006f0       0xb0 uart.o
                0x00000000000006f0                uart::uart_init()
                0x00000000000006f4                uart::uart_getchar()
                0x000000000000071c                uart::uart_putchar(char)
                0x0000000000000744                uart::uart_putstr(char*)
                0x000000000000077c                uart::uart_getint()
 .text          0x00000000000007a0       0x30 camera.o
                0x00000000000007a0                camera::tomar()
                0x00000000000007b8                camera::leer()
                0x00000000000007d0                _etext = .

.rodata         0x00000000000007d0       0x80
                0x00000000000007d0                . = ALIGN (0x4)
                0x00000000000007d0                _frodata = .
 *(.rodata .rodata.* .gnu.linkonce.r.*)
 .rodata.cst4   0x00000000000007d0       0x6c soc-hw.o
 .rodata.cst4   0x000000000000083c        0x4 timer.o
 .rodata.cst4   0x0000000000000840       0x10 uart.o
 *(.rodata1)
                0x0000000000000850                _erodata = .

.data           0x0000000000000850       0x18
                0x0000000000000850                . = ALIGN (0x4)
                0x0000000000000850                _fdata = .
 *(.data .data.* .gnu.linkonce.d.*)
 .data          0x0000000000000850        0x0 crt0ram.o
 .data          0x0000000000000850        0x0 main.o
 .data          0x0000000000000850       0x18 soc-hw.o
                0x0000000000000850                pwm
                0x0000000000000854                camera0
                0x0000000000000858                spi0
                0x000000000000085c                gpio0
                0x0000000000000860                timer0
                0x0000000000000864                uart0
 .data          0x0000000000000868        0x0 pwm.o
 .data          0x0000000000000868        0x0 timer.o
 .data          0x0000000000000868        0x0 uart.o
 .data          0x0000000000000868        0x0 camera.o
 *(.data1)
                0x0000000000000870                _gp = ALIGN (0x10)
 *(.sdata .sdata.* .gnu.linkonce.s.*)
                0x0000000000000868                _edata = .

.bss            0x0000000000000868       0x84
                0x0000000000000868                . = ALIGN (0x4)
                0x0000000000000868                _fbss = .
 *(.dynsbss)
 *(.sbss .sbss.* .gnu.linkonce.sb.*)
 *(.scommon)
 *(.dynbss)
 *(.bss .bss.* .gnu.linkonce.b.*)
 .bss           0x0000000000000868        0x0 crt0ram.o
 .bss           0x0000000000000868        0x0 main.o
 .bss           0x0000000000000868       0x84 soc-hw.o
                0x0000000000000868                tic_msec
                0x000000000000086c                isr_table
 .bss           0x00000000000008ec        0x0 pwm.o
 .bss           0x00000000000008ec        0x0 timer.o
 .bss           0x00000000000008ec        0x0 uart.o
 .bss           0x00000000000008ec        0x0 camera.o
 *(COMMON)
                0x00000000000008ec                _ebss = .
                0x00000000000008ec                _end = .
                0x0000000000000ffc                PROVIDE (_fstack = ((ORIGIN (ram) + LENGTH (ram)) - 0x4))
LOAD crt0ram.o
LOAD main.o
LOAD soc-hw.o
LOAD pwm.o
LOAD timer.o
LOAD uart.o
LOAD camera.o
OUTPUT(image elf32-lm32)

.debug_frame    0x0000000000000000      0x2f4
 .debug_frame   0x0000000000000000       0x34 main.o
 .debug_frame   0x0000000000000034      0x198 soc-hw.o
 .debug_frame   0x00000000000001cc       0x4c pwm.o
 .debug_frame   0x0000000000000218       0x24 timer.o
 .debug_frame   0x000000000000023c       0x64 uart.o
 .debug_frame   0x00000000000002a0       0x54 camera.o

.debug_info     0x0000000000000000     0x16e4
 .debug_info    0x0000000000000000      0x2e2 main.o
 .debug_info    0x00000000000002e2      0x6d5 soc-hw.o
 .debug_info    0x00000000000009b7      0x438 pwm.o
 .debug_info    0x0000000000000def      0x25e timer.o
 .debug_info    0x000000000000104d      0x3d1 uart.o
 .debug_info    0x000000000000141e      0x2c6 camera.o

.debug_abbrev   0x0000000000000000      0x92e
 .debug_abbrev  0x0000000000000000      0x142 main.o
 .debug_abbrev  0x0000000000000142      0x23a soc-hw.o
 .debug_abbrev  0x000000000000037c      0x1a2 pwm.o
 .debug_abbrev  0x000000000000051e      0x114 timer.o
 .debug_abbrev  0x0000000000000632      0x1d4 uart.o
 .debug_abbrev  0x0000000000000806      0x128 camera.o

.debug_loc      0x0000000000000000      0x439
 .debug_loc     0x0000000000000000       0x13 main.o
 .debug_loc     0x0000000000000013      0x13d soc-hw.o
 .debug_loc     0x0000000000000150      0x1ad pwm.o
 .debug_loc     0x00000000000002fd       0x55 timer.o
 .debug_loc     0x0000000000000352       0xa5 uart.o
 .debug_loc     0x00000000000003f7       0x42 camera.o

.debug_aranges  0x0000000000000000       0xc0
 .debug_aranges
                0x0000000000000000       0x20 main.o
 .debug_aranges
                0x0000000000000020       0x20 soc-hw.o
 .debug_aranges
                0x0000000000000040       0x20 pwm.o
 .debug_aranges
                0x0000000000000060       0x20 timer.o
 .debug_aranges
                0x0000000000000080       0x20 uart.o
 .debug_aranges
                0x00000000000000a0       0x20 camera.o

.debug_ranges   0x0000000000000000       0x28
 .debug_ranges  0x0000000000000000       0x10 main.o
 .debug_ranges  0x0000000000000010       0x18 soc-hw.o

.debug_line     0x0000000000000000      0x7b9
 .debug_line    0x0000000000000000       0x8c main.o
 .debug_line    0x000000000000008c      0x3bd soc-hw.o
 .debug_line    0x0000000000000449      0x15c pwm.o
 .debug_line    0x00000000000005a5       0x94 timer.o
 .debug_line    0x0000000000000639      0x102 uart.o
 .debug_line    0x000000000000073b       0x7e camera.o

.debug_str      0x0000000000000000      0x5c4
 .debug_str     0x0000000000000000      0x255 main.o
                                        0x266 (size before relaxing)
 .debug_str     0x0000000000000255      0x33a soc-hw.o
                                        0x4b4 (size before relaxing)
 .debug_str     0x000000000000058f       0x17 pwm.o
                                        0x265 (size before relaxing)
 .debug_str     0x00000000000005a6        0xa timer.o
                                        0x1f8 (size before relaxing)
 .debug_str     0x00000000000005b0        0x9 uart.o
                                        0x290 (size before relaxing)
 .debug_str     0x00000000000005b9        0xb camera.o
                                        0x24c (size before relaxing)

.comment        0x0000000000000000       0x11
 .comment       0x0000000000000000       0x11 main.o
                                         0x12 (size before relaxing)
 .comment       0x0000000000000011       0x12 soc-hw.o
 .comment       0x0000000000000011       0x12 pwm.o
 .comment       0x0000000000000011       0x12 timer.o
 .comment       0x0000000000000011       0x12 uart.o
 .comment       0x0000000000000011       0x12 camera.o
