
Memory Configuration

Name             Origin             Length             Attributes
ram              0x0000000000000000 0x0000000000001000
*default*        0x0000000000000000 0xffffffffffffffff

Linker script and memory map

                0x0000000000000000                __DYNAMIC = 0x0
                0x0000000000000000                _RAM_START = 0x0
                0x0000000000001000                _RAM_SIZE = 0x1000
                0x0000000000001000                _RAM_END = (_RAM_START + _RAM_SIZE)

.text           0x0000000000000000      0x994
                0x0000000000000000                _ftext = .
 *(.text .stub .text.* .gnu.linkonce.t.*)
 .text          0x0000000000000000      0x1e8 crt0ram.o
                0x0000000000000000                _start
                0x0000000000000120                irq_enable
                0x000000000000012c                irq_disable
                0x0000000000000138                irq_set_mask
                0x0000000000000140                irq_get_mask
                0x0000000000000148                jump
                0x000000000000014c                halt
                0x00000000000001d8                get_sp
                0x00000000000001e0                get_gp
 .text          0x00000000000001e8        0x0 main.o
 .text.startup  0x00000000000001e8       0xe8 main.o
                0x00000000000001e8                main
 .text          0x00000000000002d0      0x444 soc-hw.o
                0x00000000000002d0                tic_isr()
                0x0000000000000304                isr_null()
                0x0000000000000308                cam_read()
                0x0000000000000320                cam_takepicture(unsigned char)
                0x000000000000033c                cam_leer(unsigned int)
                0x0000000000000354                cam_resetwr(unsigned char)
                0x0000000000000370                cam_resetrd(unsigned int)
                0x0000000000000388                pwm_read()
                0x00000000000003a0                pwm_rd(unsigned char)
                0x00000000000003bc                pwm_addr(unsigned int)
                0x00000000000003d4                pwm_wr(unsigned char)
                0x00000000000003f0                pwm_din(unsigned int)
                0x0000000000000408                gpio_config_dir(unsigned int)
                0x0000000000000420                gpio_write(unsigned int)
                0x0000000000000438                gpio_read()
                0x0000000000000450                irq_handler(unsigned int)
                0x00000000000004ac                isr_init()
                0x00000000000004d8                isr_register(int, void (*)())
                0x00000000000004f4                isr_unregister(int)
                0x000000000000051c                msleep(unsigned int)
                0x0000000000000554                nsleep(unsigned int)
                0x0000000000000588                tic_init()
                0x00000000000005dc                uart_init()
                0x00000000000005e0                uart_getchar()
                0x0000000000000608                uart_putchar(char)
                0x0000000000000630                uart_putstr(char*)
                0x0000000000000668                i2c_init()
                0x0000000000000690                i2c_write(char, char, char)
 .text          0x0000000000000714      0x130 pwm.o
                0x0000000000000714                pwm::pwm_sel(int, char, bool)
                0x0000000000000810                pwm::brazo(char)
 .text          0x0000000000000844       0x34 timer.o
                0x0000000000000844                timer::nsleep(int)
 .text          0x0000000000000878       0xb0 uart.o
                0x0000000000000878                uart::uart_init()
                0x000000000000087c                uart::uart_getchar()
                0x00000000000008a4                uart::uart_putchar(char)
                0x00000000000008cc                uart::uart_putstr(char*)
                0x0000000000000904                uart::uart_getint()
 .text          0x0000000000000928       0x6c camera.o
                0x0000000000000928                camera::cam_tomar(unsigned int)
                0x0000000000000944                camera::cam_leer(unsigned int)
                0x0000000000000964                camera::cam_rst(unsigned int, unsigned int)
                0x0000000000000994                _etext = .

.rodata         0x0000000000000994       0x94
                0x0000000000000994                . = ALIGN (0x4)
                0x0000000000000994                _frodata = .
 *(.rodata .rodata.* .gnu.linkonce.r.*)
 .rodata.cst4   0x0000000000000994       0x80 soc-hw.o
 .rodata.cst4   0x0000000000000a14        0x4 timer.o
 .rodata.cst4   0x0000000000000a18       0x10 uart.o
 *(.rodata1)
                0x0000000000000a28                _erodata = .

.data           0x0000000000000a28       0x18
                0x0000000000000a28                . = ALIGN (0x4)
                0x0000000000000a28                _fdata = .
 *(.data .data.* .gnu.linkonce.d.*)
 .data          0x0000000000000a28        0x0 crt0ram.o
 .data          0x0000000000000a28        0x0 main.o
 .data          0x0000000000000a28       0x18 soc-hw.o
                0x0000000000000a28                pwm
                0x0000000000000a2c                i2c0
                0x0000000000000a30                cam
                0x0000000000000a34                gpio0
                0x0000000000000a38                timer0
                0x0000000000000a3c                uart0
 .data          0x0000000000000a40        0x0 pwm.o
 .data          0x0000000000000a40        0x0 timer.o
 .data          0x0000000000000a40        0x0 uart.o
 .data          0x0000000000000a40        0x0 camera.o
 *(.data1)
                0x0000000000000a40                _gp = ALIGN (0x10)
 *(.sdata .sdata.* .gnu.linkonce.s.*)
                0x0000000000000a40                _edata = .

.bss            0x0000000000000a40       0x84
                0x0000000000000a40                . = ALIGN (0x4)
                0x0000000000000a40                _fbss = .
 *(.dynsbss)
 *(.sbss .sbss.* .gnu.linkonce.sb.*)
 *(.scommon)
 *(.dynbss)
 *(.bss .bss.* .gnu.linkonce.b.*)
 .bss           0x0000000000000a40        0x0 crt0ram.o
 .bss           0x0000000000000a40        0x0 main.o
 .bss           0x0000000000000a40       0x84 soc-hw.o
                0x0000000000000a40                tic_msec
                0x0000000000000a44                isr_table
 .bss           0x0000000000000ac4        0x0 pwm.o
 .bss           0x0000000000000ac4        0x0 timer.o
 .bss           0x0000000000000ac4        0x0 uart.o
 .bss           0x0000000000000ac4        0x0 camera.o
 *(COMMON)
                0x0000000000000ac4                _ebss = .
                0x0000000000000ac4                _end = .
                0x0000000000000ffc                PROVIDE (_fstack = ((ORIGIN (ram) + LENGTH (ram)) - 0x4))
LOAD crt0ram.o
LOAD main.o
LOAD soc-hw.o
LOAD pwm.o
LOAD timer.o
LOAD uart.o
LOAD camera.o
OUTPUT(image elf32-lm32)

.debug_frame    0x0000000000000000      0x364
 .debug_frame   0x0000000000000000       0x34 main.o
 .debug_frame   0x0000000000000034      0x1e8 soc-hw.o
 .debug_frame   0x000000000000021c       0x4c pwm.o
 .debug_frame   0x0000000000000268       0x24 timer.o
 .debug_frame   0x000000000000028c       0x64 uart.o
 .debug_frame   0x00000000000002f0       0x74 camera.o

.debug_info     0x0000000000000000     0x1abc
 .debug_info    0x0000000000000000      0x30e main.o
 .debug_info    0x000000000000030e      0x7bc soc-hw.o
 .debug_info    0x0000000000000aca      0x49d pwm.o
 .debug_info    0x0000000000000f67      0x2c3 timer.o
 .debug_info    0x000000000000122a      0x436 uart.o
 .debug_info    0x0000000000001660      0x45c camera.o

.debug_abbrev   0x0000000000000000      0x977
 .debug_abbrev  0x0000000000000000      0x11c main.o
 .debug_abbrev  0x000000000000011c      0x23a soc-hw.o
 .debug_abbrev  0x0000000000000356      0x1a2 pwm.o
 .debug_abbrev  0x00000000000004f8      0x114 timer.o
 .debug_abbrev  0x000000000000060c      0x1d4 uart.o
 .debug_abbrev  0x00000000000007e0      0x197 camera.o

.debug_aranges  0x0000000000000000       0xc0
 .debug_aranges
                0x0000000000000000       0x20 main.o
 .debug_aranges
                0x0000000000000020       0x20 soc-hw.o
 .debug_aranges
                0x0000000000000040       0x20 pwm.o
 .debug_aranges
                0x0000000000000060       0x20 timer.o
 .debug_aranges
                0x0000000000000080       0x20 uart.o
 .debug_aranges
                0x00000000000000a0       0x20 camera.o

.debug_ranges   0x0000000000000000       0x28
 .debug_ranges  0x0000000000000000       0x10 main.o
 .debug_ranges  0x0000000000000010       0x18 soc-hw.o

.debug_line     0x0000000000000000      0x966
 .debug_line    0x0000000000000000       0xe9 main.o
 .debug_line    0x00000000000000e9      0x4d5 soc-hw.o
 .debug_line    0x00000000000005be      0x15c pwm.o
 .debug_line    0x000000000000071a       0x94 timer.o
 .debug_line    0x00000000000007ae      0x102 uart.o
 .debug_line    0x00000000000008b0       0xb6 camera.o

.debug_str      0x0000000000000000      0x669
 .debug_str     0x0000000000000000      0x1a3 main.o
                                        0x1c1 (size before relaxing)
 .debug_str     0x00000000000001a3      0x3d6 soc-hw.o
                                        0x54a (size before relaxing)
 .debug_str     0x0000000000000579       0x49 pwm.o
                                        0x271 (size before relaxing)
 .debug_str     0x00000000000005c2        0xa timer.o
                                        0x204 (size before relaxing)
 .debug_str     0x00000000000005cc       0x92 uart.o
                                        0x29c (size before relaxing)
 .debug_str     0x000000000000065e        0xb camera.o
                                        0x2d7 (size before relaxing)

.comment        0x0000000000000000       0x11
 .comment       0x0000000000000000       0x11 main.o
                                         0x12 (size before relaxing)
 .comment       0x0000000000000011       0x12 soc-hw.o
 .comment       0x0000000000000011       0x12 pwm.o
 .comment       0x0000000000000011       0x12 timer.o
 .comment       0x0000000000000011       0x12 uart.o
 .comment       0x0000000000000011       0x12 camera.o

.debug_loc      0x0000000000000000      0x4f7
 .debug_loc     0x0000000000000000      0x15e soc-hw.o
 .debug_loc     0x000000000000015e      0x1ad pwm.o
 .debug_loc     0x000000000000030b       0x55 timer.o
 .debug_loc     0x0000000000000360       0xa5 uart.o
 .debug_loc     0x0000000000000405       0xf2 camera.o
